---
source: src/main.rs
expression: item
---
Lexus NX300
2019 г.в., 12 193 км, 1 998 см3, АКПП
2 890 000 руб.
https://autoselect.ru/auto/NX300/lexus-nx300-n3424777/

